###############################################################
#  Generated by:      Cadence Innovus 20.10-p004_1
#  OS:                Linux x86_64(Host ID EDA2035)
#  Generated on:      Sat May 30 16:28:01 2026
#  Design:            Digital_Top
#  Command:           timeDesign -postRoute -hold -pathreports -slackReports -numPaths 20 -prefix phase1_3_hold -outDir reports/phase1_3_hold
###############################################################

------------------------------------------------------------
          timeDesign Summary                             
------------------------------------------------------------

+--------------------+---------+---------+---------+
|     Hold mode      |   all   | reg2reg | default |
+--------------------+---------+---------+---------+
|           WNS (ns):|  1.194  |  1.194  | 100.303 |
|           TNS (ns):|  0.000  |  0.000  |  0.000  |
|    Violating Paths:|    0    |    0    |    0    |
|          All Paths:|   100   |   96    |   33    |
+--------------------+---------+---------+---------+

Density: 49.799%
------------------------------------------------------------
